
> @app/front@0.0.0 build
> ng build front

[?25l[2m◼[22m Building...
[2K[1A[2K[G[33m⠋[39m Building...
[2K[1A[2K[G[33m⠙[39m Building...
[2K[1A[2K[G[33m⠹[39m Building...
[2K[1A[2K[G[33m⠸[39m Building...
[2K[1A[2K[G[33m⠼[39m Building...
[2K[1A[2K[G[33m⠴[39m Building...
[2K[1A[2K[G[33m⠦[39m Building...
[2K[1A[2K[G[33m⠧[39m Building...
[2K[1A[2K[G[33m⠇[39m Building...
[2K[1A[2K[G[33m⠏[39m Building...
[2K[1A[2K[G[33m⠋[39m Building...
[2K[1A[2K[G[33m⠙[39m Building...
[2K[1A[2K[G[33m⠹[39m Building...
[2K[1A[2K[G[33m⠸[39m Building...
[2K[1A[2K[G[33m⠼[39m Building...
[2K[1A[2K[G[33m⠴[39m Building...
[2K[1A[2K[G[33m⠦[39m Building...
[2K[1A[2K[G[33m⠧[39m Building...
[2K[1A[2K[G[33m⠇[39m Building...
[2K[1A[2K[G[33m⠏[39m Building...
[2K[1A[2K[G[33m⠋[39m Building...
[2K[1A[2K[G[33m⠙[39m Building...
[2K[1A[2K[G[33m⠹[39m Building...
[2K[1A[2K[G[33m⠸[39m Building...
[2K[1A[2K[G[33m⠼[39m Building...
[2K[1A[2K[G[33m⠴[39m Building...
[2K[1A[2K[G[33m⠦[39m Building...
[2K[1A[2K[G[33m⠧[39m Building...
[2K[1A[2K[G[33m⠇[39m Building...
[2K[1A[2K[G[33m⠏[39m Building...
[2K[1A[2K[G[33m⠋[39m Building...
[2K[1A[2K[G[33m⠙[39m Building...
[2K[1A[2K[G[33m⠹[39m Building...
[2K[1A[2K[G[33m⠸[39m Building...
[2K[1A[2K[G[33m⠼[39m Building...
[2K[1A[2K[G[33m⠴[39m Building...
[2K[1A[2K[G[33m⠦[39m Building...
[2K[1A[2K[G[33m⠧[39m Building...
[2K[1A[2K[G[33m⠇[39m Building...
[2K[1A[2K[G[33m⠏[39m Building...
[2K[1A[2K[G[33m⠋[39m Building...
[2K[1A[2K[G[33m⠙[39m Building...
[2K[1A[2K[G[33m⠹[39m Building...
[2K[1A[2K[G[33m⠸[39m Building...
[2K[1A[2K[G[33m⠼[39m Building...
[2K[1A[2K[G[33m⠴[39m Building...
[2K[1A[2K[G[33m⠦[39m Building...
[2K[1A[2K[G[33m⠧[39m Building...
[2K[1A[2K[G[33m⠇[39m Building...
[2K[1A[2K[G[33m⠏[39m Building...
[2K[1A[2K[G[33m⠋[39m Building...
[2K[1A[2K[G[33m⠙[39m Building...
[2K[1A[2K[G[33m⠹[39m Building...
[2K[1A[2K[G[33m⠸[39m Building...
[2K[1A[2K[G[33m⠼[39m Building...
[2K[1A[2K[G[33m⠴[39m Building...
[2K[1A[2K[G[33m⠦[39m Building...
[2K[1A[2K[G[33m⠧[39m Building...
[2K[1A[2K[G[33m⠇[39m Building...
[2K[1A[2K[G[33m⠏[39m Building...
[2K[1A[2K[G[33m⠋[39m Building...
[2K[1A[2K[G[33m⠙[39m Building...
[2K[1A[2K[G[33m⠹[39m Building...
[2K[1A[2K[G[33m⠸[39m Building...
[2K[1A[2K[G[33m⠼[39m Building...
[2K[1A[2K[G[33m⠴[39m Building...
[2K[1A[2K[G[33m⠦[39m Building...
[2K[1A[2K[G[33m⠧[39m Building...
[2K[1A[2K[G[33m⠇[39m Building...
[2K[1A[2K[G[33m⠏[39m Building...
[2K[1A[2K[G[33m⠋[39m Building...
[2K[1A[2K[G[33m⠙[39m Building...
[2K[1A[2K[G[33m⠹[39m Building...
[2K[1A[2K[G[33m⠸[39m Building...
[2K[1A[2K[G[33m⠼[39m Building...
[2K[1A[2K[G[33m⠴[39m Building...
[2K[1A[2K[G[33m⠦[39m Building...
[2K[1A[2K[G[33m⠧[39m Building...
[2K[1A[2K[G[33m⠇[39m Building...
[2K[1A[2K[G[33m⠏[39m Building...
[2K[1A[2K[G[33m⠋[39m Building...
[2K[1A[2K[G[32m✔[39m Building...
[2K[1A[2K[G[?25h[35mBrowser bundles[39m     
[1mInitial chunk files[22m [2m | [22m[1mNames[22m           [2m | [22m [1mRaw size[22m[2m | [22m[1mEstimated transfer size[22m
[32mmain-KOCBJSCP.js[39m    [2m | [22m[2mmain[22m            [2m | [22m[36m226.69 kB[39m[2m | [22m               [36m63.28 kB[39m
[32mstyles-5INURTSO.css[39m [2m | [22m[2mstyles[22m          [2m | [22m  [36m0 bytes[39m[2m | [22m                [36m0 bytes[39m

[1m [22m                   [2m | [22m[1mInitial total[22m   [2m | [22m[1m226.69 kB[22m[2m | [22m               [1m63.28 kB[22m


[35mServer bundles[39m      
[1mInitial chunk files[22m [2m | [22m[1mNames[22m           [2m | [22m [1mRaw size[22m
[32mserver.mjs[39m          [2m | [22m[2mserver[22m          [2m | [22m[36m817.36 kB[39m[2m | [22m                       
[32mmain.server.mjs[39m     [2m | [22m[2mmain.server[22m     [2m | [22m[36m664.94 kB[39m[2m | [22m                       
[32mpolyfills.server.mjs[39m[2m | [22m[2mpolyfills.server[22m[2m | [22m[36m234.18 kB[39m[2m | [22m                       
[32mchunk-ITOR7NUX.mjs[39m  [2m | [22m[2m-[22m               [2m | [22m  [36m1.38 kB[39m[2m | [22m                       
[32mchunk-KYQQYI4M.mjs[39m  [2m | [22m[2m-[22m               [2m | [22m  [36m1.01 kB[39m[2m | [22m                       

[1mLazy chunk files[22m    [2m | [22m[1mNames[22m           [2m | [22m [1mRaw size[22m
[32mchunk-KUERU4XA.mjs[39m  [2m | [22m[2mxhr2[22m            [2m | [22m [36m12.17 kB[39m[2m | [22m                       
[32mchunk-LYHAGGDF.mjs[39m  [2m | [22m[2mxhr2[22m            [2m | [22m [36m12.07 kB[39m[2m | [22m                       

[35mPrerendered 1 static route.[39m
Application bundle generation complete. [8.632 seconds] - 2026-07-22T03:13:46.503Z

Output location: /workspaces/Nestjs-2/angular/dist/@app/front

[?25h⠙[1G[0K
